Report End Points: 
-----+-------+------+-------+-----+-----+-----+-----+-----------+---------
     |Group  |Launch|Capture|Shift|Delay|Depth|Slack|Begin Point|End Point
-----+-------+------+-------+-----+-----+-----+-----+-----------+---------
1    |default|      |       |     |     |     |     |           |         
-----+-------+------+-------+-----+-----+-----+-----+-----------+---------
Report End Points: 
-----+-----+------+-------+-----+-----+-----+-----+-----------+---------
     |Group|Launch|Capture|Shift|Delay|Depth|Slack|Begin Point|End Point
-----+-----+------+-------+-----+-----+-----+-----+-----------+---------
1    |I2R  |      |       |     |     |     |     |           |         
-----+-----+------+-------+-----+-----+-----+-----+-----------+---------
Report End Points: 
-----+-----+-------+-------+-------+-----+-----+-------+-----------+---------
     |Group|Launch |Capture|Shift  |Delay|Depth|Slack  |Begin Point|End Point
-----+-----+-------+-------+-------+-----+-----+-------+-----------+---------
1    |I2O  |vsysclk|vsysclk|20000.0|285.2|   66|18214.8|b[0]       |of       
2    |I2O  |vsysclk|vsysclk|20000.0|278.7|   65|18221.3|b[0]       |Cout     
3    |I2O  |vsysclk|vsysclk|20000.0|278.6|   64|18221.4|b[0]       |sum[31]  
-----+-----+-------+-------+-------+-----+-----+-------+-----------+---------
Report End Points: 
-----+-----+------+-------+-----+-----+-----+-----+-----------+---------
     |Group|Launch|Capture|Shift|Delay|Depth|Slack|Begin Point|End Point
-----+-----+------+-------+-----+-----+-----+-----+-----------+---------
1    |R2O  |      |       |     |     |     |     |           |         
-----+-----+------+-------+-----+-----+-----+-----+-----------+---------
