# generated on Thu Oct 10 05:13:44 2013
# Top Cell: mips

------------------------------------------------------------
     optDesign Final Summary                             
------------------------------------------------------------

+--------------------+---------+---------+---------+---------+---------+---------+
|     Hold mode      |   all   | reg2reg | in2reg  | reg2out | in2out  | clkgate |
+--------------------+---------+---------+---------+---------+---------+---------+
|           WNS (ns):|  0.015  |  0.015  |   N/A   |   N/A   |   N/A   |   N/A   |
|           TNS (ns):|  0.000  |  0.000  |   N/A   |   N/A   |   N/A   |   N/A   |
|    Violating Paths:|    0    |    0    |   N/A   |   N/A   |   N/A   |   N/A   |
|          All Paths:|  4112   |  4112   |   N/A   |   N/A   |   N/A   |   N/A   |
+--------------------+---------+---------+---------+---------+---------+---------+

+----------------+---------------------------+--------------+
|                |            Real           |     Total    |
|    DRVs        +--------------+------------+--------------|
|                |Nr nets(terms)| Worst Vio  |Nr nets(terms)|
+----------------+--------------+------------+--------------+
|   max_cap      |    6 (6)     |   -0.041   |    6 (6)     |
|   max_tran     |    4 (68)    |   -0.119   |    4 (68)    |
|   max_fanout   |    0 (0)     |     0      |    0 (0)     |
+----------------+--------------+------------+--------------+

Density: 69.797%
------------------------------------------------------------
