Report End Points: 
-----+-------+------+-------+-----+-----+-----+-----+-----------+---------
     |Group  |Launch|Capture|Shift|Delay|Depth|Slack|Begin Point|End Point
-----+-------+------+-------+-----+-----+-----+-----+-----------+---------
1    |default|      |       |     |     |     |     |           |         
-----+-------+------+-------+-----+-----+-----+-----+-----------+---------
Report End Points: 
-----+-----+------+-------+-----+-----+-----+-----+-----------+---------
     |Group|Launch|Capture|Shift|Delay|Depth|Slack|Begin Point|End Point
-----+-----+------+-------+-----+-----+-----+-----+-----------+---------
1    |I2R  |      |       |     |     |     |     |           |         
-----+-----+------+-------+-----+-----+-----+-----+-----------+---------
Report End Points: 
-----+-----+-------+-------+-------+-----+-----+-------+-----------+---------
     |Group|Launch |Capture|Shift  |Delay|Depth|Slack  |Begin Point|End Point
-----+-----+-------+-------+-------+-----+-----+-------+-----------+---------
1    |I2O  |vsysclk|vsysclk|20000.0|221.7|   34|18278.3|A[0]       |overflow 
2    |I2O  |vsysclk|vsysclk|20000.0|215.7|   32|18284.3|A[0]       |Sum[31]  
3    |I2O  |vsysclk|vsysclk|20000.0|208.4|   31|18291.6|A[0]       |Sum[30]  
-----+-----+-------+-------+-------+-----+-----+-------+-----------+---------
Report End Points: 
-----+-----+------+-------+-----+-----+-----+-----+-----------+---------
     |Group|Launch|Capture|Shift|Delay|Depth|Slack|Begin Point|End Point
-----+-----+------+-------+-----+-----+-----+-----+-----------+---------
1    |R2O  |      |       |     |     |     |     |           |         
-----+-----+------+-------+-----+-----+-----+-----+-----------+---------
