# generated on Thu Oct 10 04:56:56 2013
# Top Cell: mips

------------------------------------------------------------
          timeDesign Summary                             
------------------------------------------------------------

+--------------------+---------+---------+---------+---------+---------+---------+
|     Hold mode      |   all   | reg2reg | in2reg  | reg2out | in2out  | clkgate |
+--------------------+---------+---------+---------+---------+---------+---------+
|           WNS (ns):| -0.220  | -0.220  |   N/A   |   N/A   |   N/A   |   N/A   |
|           TNS (ns):|-883.037 |-883.037 |   N/A   |   N/A   |   N/A   |   N/A   |
|    Violating Paths:|  4108   |  4108   |   N/A   |   N/A   |   N/A   |   N/A   |
|          All Paths:|  4112   |  4112   |   N/A   |   N/A   |   N/A   |   N/A   |
+--------------------+---------+---------+---------+---------+---------+---------+

Density: 43.940%
Routing Overflow: 0.00% H and 0.02% V
------------------------------------------------------------
